\BOOKMARK [1][-]{figure.caption.1}{\376\377\000D\000a\000n\000h\000\040\000m\036\345\000c\000\040\000h\000\354\000n\000h\000\040\036\243\000n\000h}{}% 1
\BOOKMARK [1][-]{figure.caption.1}{\376\377\000M\036\337\000\040\001\021\036\247\000u}{}% 2
\BOOKMARK [1][-]{section.1}{\376\377\000T\036\324\000N\000G\000\040\000Q\000U\000A\000N\000\040\001\020\036\300\000\040\000T\000\300\000I}{}% 3
\BOOKMARK [1][-]{section.2}{\376\377\000C\001\240\000\040\000S\036\336\000\040\000L\000\335\000\040\000T\000H\000U\000Y\036\276\000T}{}% 4
\BOOKMARK [2][-]{subsection.2.1}{\376\377\000\335\000\040\000t\001\260\036\337\000n\000g}{section.2}% 5
\BOOKMARK [2][-]{subsection.2.2}{\376\377\000C\001\241\000\040\000s\036\337\000\040\000l\000\375\000\040\000t\000h\000u\000y\036\277\000t}{section.2}% 6
\BOOKMARK [3][-]{subsubsection.2.2.1}{\376\377\000C\036\245\000u\000\040\000t\000r\000\372\000c\000\040\000d\036\357\000\040\000l\000i\036\307\000u\000\040\000c\000\342\000y}{subsection.2.2}% 7
\BOOKMARK [3][-]{subsubsection.2.2.2}{\376\377\000B\000i\036\303\000u\000\040\000d\000i\036\305\000n\000\040\000c\000\342\000y\000\040\000b\036\261\000n\000g\000\040\000m\000\364\000\040\000h\000\354\000n\000h\000\040\000c\000o\000n\000\040\001\021\036\247\000u\000\040\000-\000\040\000a\000n\000h\000\040\000e\000m\000\040\000k\036\277\000\040\000t\000i\036\277\000p}{subsection.2.2}% 8
\BOOKMARK [3][-]{subsubsection.2.2.3}{\376\377\000D\000u\000y\036\307\000t\000\040\000c\000\342\000y\000\040\000v\000\340\000\040\000q\000u\036\243\000n\000\040\000l\000\375\000\040\000b\036\331\000\040\000n\000h\036\333}{subsection.2.2}% 9
\BOOKMARK [1][-]{section.3}{\376\377\000T\036\324\000\040\000C\000H\036\350\000C\000\040\000C\036\244\000U\000\040\000T\000R\000\332\000C\000\040\000D\036\356\000\040\000L\000I\036\306\000U\000\040\000V\000\300\000\040\000T\000H\000U\036\254\000T\000\040\000T\000O\000\301\000N}{}% 10
\BOOKMARK [2][-]{subsection.3.1}{\376\377\000P\000h\000\341\000t\000\040\000b\000i\036\303\000u\000\040\000b\000\340\000i\000\040\000t\000o\000\341\000n}{section.3}% 11
\BOOKMARK [2][-]{subsection.3.2}{\376\377\000C\036\245\000u\000\040\000t\000r\000\372\000c\000\040\000d\036\357\000\040\000l\000i\036\307\000u}{section.3}% 12
\BOOKMARK [3][-]{subsubsection.3.2.1}{\376\377\000T\000h\000i\036\277\000t\000\040\000k\036\277\000\040\000c\000h\000u\000n\000g}{subsection.3.2}% 13
\BOOKMARK [3][-]{subsubsection.3.2.2}{\376\377\000C\000\340\000i\000\040\001\021\036\267\000t\000\040\000c\000\341\000c\000\040\000r\000\340\000n\000g\000\040\000b\000u\036\331\000c\000\040\000c\036\247\000n\000\040\000t\000h\000i\036\277\000t}{subsection.3.2}% 14
\BOOKMARK [2][-]{subsection.3.3}{\376\377\000T\000h\000u\036\255\000t\000\040\000t\000o\000\341\000n}{section.3}% 15
\BOOKMARK [3][-]{subsubsection.3.3.1}{\376\377\000T\000h\000u\036\255\000t\000\040\000t\000o\000\341\000n\000\040\000D\000u\000y\036\307\000t\000\040\000v\000\340\000\040\000T\000\354\000m\000\040\000k\000i\036\277\000m}{subsection.3.3}% 16
\BOOKMARK [3][-]{subsubsection.3.3.2}{\376\377\000T\000h\000u\036\255\000t\000\040\000t\000o\000\341\000n\000\040\000X\000\341\000c\000\040\001\021\036\313\000n\000h\000\040\000q\000u\000a\000n\000\040\000h\036\307}{subsection.3.3}% 17
\BOOKMARK [3][-]{subsubsection.3.3.3}{\376\377\000T\000h\000u\036\255\000t\000\040\000t\000o\000\341\000n\000\040\000t\000r\000u\000y\000\040\000v\036\245\000n\000\040\000t\000h\000e\000o\000\040\000d\000a\000n\000h\000\040\000x\001\260\000n\000g}{subsection.3.3}% 18
\BOOKMARK [3][-]{subsubsection.3.3.4}{\376\377\000T\000h\000u\036\255\000t\000\040\000t\000o\000\341\000n\000\040\000l\001\260\000u\000\040\000t\000r\036\357\000\040\000v\000\340\000\040\000p\000h\036\345\000c\000\040\000h\036\323\000i}{subsection.3.3}% 19
\BOOKMARK [1][-]{section.4}{\376\377\000C\000H\001\257\001\240\000N\000G\000\040\000T\000R\000\314\000N\000H\000\040\000V\000\300\000\040\000K\036\276\000T\000\040\000Q\000U\036\242}{}% 20
\BOOKMARK [2][-]{subsection.4.1}{\376\377\000T\036\325\000\040\000c\000h\036\351\000c\000\040\000c\000h\001\260\001\241\000n\000g\000\040\000t\000r\000\354\000n\000h}{section.4}% 21
\BOOKMARK [3][-]{subsubsection.4.1.1}{\376\377\000K\000i\036\277\000n\000\040\000t\000r\000\372\000c\000\040\000t\036\325\000n\000g\000\040\000t\000h\036\303\000\040\000c\036\347\000a\000\040\000c\000h\001\260\001\241\000n\000g\000\040\000t\000r\000\354\000n\000h}{subsection.4.1}% 22
\BOOKMARK [3][-]{subsubsection.4.1.2}{\376\377\000C\036\245\000u\000\040\000t\000r\000\372\000c\000\040\000t\036\307\000p\000\040\000t\000i\000n\000\040\000v\000\340\000\040\000p\000h\000\342\000n\000\040\000r\000\343\000\040\000c\000h\036\351\000c\000\040\000n\001\003\000n\000g}{subsection.4.1}% 23
\BOOKMARK [2][-]{subsection.4.2}{\376\377\000N\000g\000\364\000n\000\040\000n\000g\036\357\000\040\000c\000\340\000i\000\040\001\021\036\267\000t}{section.4}% 24
\BOOKMARK [3][-]{subsubsection.4.2.1}{\376\377\000L\000\375\000\040\000d\000o\000\040\000s\036\355\000\040\000d\036\345\000n\000g\000\040\000n\000g\000\364\000n\000\040\000n\000g\036\357\000\040\000C\000+\000+}{subsection.4.2}% 25
\BOOKMARK [3][-]{subsubsection.4.2.2}{\376\377\000M\000\364\000i\000\040\000t\000r\001\260\036\335\000n\000g\000\040\000p\000h\000\341\000t\000\040\000t\000r\000i\036\303\000n\000\040\000v\000\340\000\040\000c\000\364\000n\000g\000\040\000c\036\345\000\040\000h\036\327\000\040\000t\000r\036\343}{subsection.4.2}% 26
\BOOKMARK [2][-]{subsection.4.3}{\376\377\000K\036\277\000t\000\040\000q\000u\036\243}{section.4}% 27
\BOOKMARK [1][-]{section.5}{\376\377\000K\036\276\000T\000\040\000L\000U\036\254\000N\000\040\000V\000\300\000\040\000H\001\257\036\332\000N\000G\000\040\000P\000H\000\301\000T\000\040\000T\000R\000I\036\302\000N}{}% 28
\BOOKMARK [2][-]{subsection.5.1}{\376\377\000K\036\277\000t\000\040\000l\000u\036\255\000n}{section.5}% 29
\BOOKMARK [2][-]{subsection.5.2}{\376\377\000H\001\260\036\333\000n\000g\000\040\000p\000h\000\341\000t\000\040\000t\000r\000i\036\303\000n}{section.5}% 30
\BOOKMARK [1][-]{Item.23}{\376\377\000T\000\340\000i\000\040\000l\000i\036\307\000u\000\040\000t\000h\000a\000m\000\040\000k\000h\036\243\000o}{}% 31
